---
source: crates/ascii-agents/tests/walkable_golden.rs
assertion_line: 36
expression: mask_to_ascii(&l)
---
############################################################################........############
############################################################################........############
############################################################################........############
############################################################################........############
############################################################################........############
############################################################################........############
############################################################################........############
############################################################################........############
############################################################################........############
############################################################################........############
############################################################################........############
############################################################################........############
############################################################################........############
############################################################################........############
############################################################################........############
############################################################################........############
############################################################################........############
############################################################################........############
############################################################################........############
############################################################################........############
############################################################################........############
....................................##################..........................................
....................................#####################.......................................
...............................##########################.......................................
...............................##########################.......................................
...............................##########################.......................................
...............................##########################.......................................
.#####.........................##########################.......................................
.#####.........................##########################.......................................
##########.........................................######.......................................
##########......................................................................................
##########......................................................................................
##########......................................................................................
##########....................##################......##################........................
##########....................##################......##################........................
##########........##############################......##################........................
##########........##############################......##################........................
##########........##############################......##################........................
..................##############################......##################........................
..................##############################......##################........................
..................##############################......##################........................
..................##############################......##################........................
..................##############################......##################........................
..................##################............................................................
..................##################............................................................
####################################............................................................
####################################............................................................
####################################............................................................
####################################............................................................
####################################............................................................
#####################...........................................................................
#####################...........................................................................
#####################...........................................................................
#####################...........................................................................
##########################..............................................................########
..................########..............................................................########
..................########..............................................................########
..................########..............................................................########
..................########..............................................................########
..................########..............................................................########
..................########..............................................................########
..................########..............................................................########
................................................................................................
................................................................................................
................................................................................................
................................................................................................
................................................................................................
################################################################################################
################################################################################################
################################################################################################
