---
source: crates/pixtuoid-core/tests/sources/conformance.rs
expression: events
---
- SessionStart:
    agent_id: 15483861344227895817
    source: reasonix
    session_id: /Users/dev/zirs
    cwd: /Users/dev/zirs
    parent_id: ~
- SessionStart:
    agent_id: 15483861344227895817
    source: reasonix
    session_id: /Users/dev/zirs
    cwd: /Users/dev/zirs
    parent_id: ~
- ActivityStart:
    agent_id: 15483861344227895817
    tool_use_id: ~
    detail:
      Generic:
        display: "read_file: hello.txt"
- ActivityEnd:
    agent_id: 15483861344227895817
    tool_use_id: ~
- ActivityStart:
    agent_id: 15483861344227895817
    tool_use_id: ~
    detail:
      Generic:
        display: "bash: wc -c hello.txt"
- ActivityEnd:
    agent_id: 15483861344227895817
    tool_use_id: ~
- ActivityStart:
    agent_id: 15483861344227895817
    tool_use_id: ~
    detail: Task
- ActivityEnd:
    agent_id: 15483861344227895817
    tool_use_id: ~
- ActivityEnd:
    agent_id: 15483861344227895817
    tool_use_id: ~
- SessionEnd:
    agent_id: 15483861344227895817
