---
source: crates/pixtuoid/tests/layout_golden.rs
expression: l.waypoints
---
[
    Waypoint {
        pos: Point {
            x: 87,
            y: 39,
        },
        kind: Couch,
        facing: North,
        room_id: None,
    },
    Waypoint {
        pos: Point {
            x: 93,
            y: 39,
        },
        kind: Couch,
        facing: North,
        room_id: None,
    },
    Waypoint {
        pos: Point {
            x: 99,
            y: 39,
        },
        kind: Couch,
        facing: North,
        room_id: None,
    },
    Waypoint {
        pos: Point {
            x: 28,
            y: 105,
        },
        kind: Pantry,
        facing: South,
        room_id: None,
    },
    Waypoint {
        pos: Point {
            x: 22,
            y: 44,
        },
        kind: MeetingSofa,
        facing: South,
        room_id: Some(
            0,
        ),
    },
    Waypoint {
        pos: Point {
            x: 28,
            y: 44,
        },
        kind: MeetingSofa,
        facing: South,
        room_id: Some(
            0,
        ),
    },
    Waypoint {
        pos: Point {
            x: 34,
            y: 44,
        },
        kind: MeetingSofa,
        facing: South,
        room_id: Some(
            0,
        ),
    },
    Waypoint {
        pos: Point {
            x: 22,
            y: 69,
        },
        kind: MeetingSofa,
        facing: North,
        room_id: Some(
            0,
        ),
    },
    Waypoint {
        pos: Point {
            x: 28,
            y: 69,
        },
        kind: MeetingSofa,
        facing: North,
        room_id: Some(
            0,
        ),
    },
    Waypoint {
        pos: Point {
            x: 34,
            y: 69,
        },
        kind: MeetingSofa,
        facing: North,
        room_id: Some(
            0,
        ),
    },
    Waypoint {
        pos: Point {
            x: 19,
            y: 56,
        },
        kind: MeetingStand,
        facing: East,
        room_id: Some(
            0,
        ),
    },
    Waypoint {
        pos: Point {
            x: 36,
            y: 56,
        },
        kind: MeetingStand,
        facing: West,
        room_id: Some(
            0,
        ),
    },
]
