---
source: crates/pixtuoid/tests/layout_golden.rs
assertion_line: 113
expression: l.waypoints
---
[
    Waypoint {
        pos: Point {
            x: 105,
            y: 51,
        },
        kind: Couch,
        facing: South,
        room_id: None,
    },
    Waypoint {
        pos: Point {
            x: 111,
            y: 51,
        },
        kind: Couch,
        facing: South,
        room_id: None,
    },
    Waypoint {
        pos: Point {
            x: 117,
            y: 51,
        },
        kind: Couch,
        facing: South,
        room_id: None,
    },
    Waypoint {
        pos: Point {
            x: 33,
            y: 140,
        },
        kind: Pantry,
        facing: South,
        room_id: None,
    },
    Waypoint {
        pos: Point {
            x: 73,
            y: 152,
        },
        kind: VendingMachine,
        facing: South,
        room_id: None,
    },
    Waypoint {
        pos: Point {
            x: 182,
            y: 151,
        },
        kind: Printer,
        facing: South,
        room_id: None,
    },
    Waypoint {
        pos: Point {
            x: 27,
            y: 64,
        },
        kind: MeetingSofa,
        facing: South,
        room_id: Some(
            0,
        ),
    },
    Waypoint {
        pos: Point {
            x: 33,
            y: 64,
        },
        kind: MeetingSofa,
        facing: South,
        room_id: Some(
            0,
        ),
    },
    Waypoint {
        pos: Point {
            x: 39,
            y: 64,
        },
        kind: MeetingSofa,
        facing: South,
        room_id: Some(
            0,
        ),
    },
    Waypoint {
        pos: Point {
            x: 27,
            y: 92,
        },
        kind: MeetingSofa,
        facing: North,
        room_id: Some(
            0,
        ),
    },
    Waypoint {
        pos: Point {
            x: 33,
            y: 92,
        },
        kind: MeetingSofa,
        facing: North,
        room_id: Some(
            0,
        ),
    },
    Waypoint {
        pos: Point {
            x: 39,
            y: 92,
        },
        kind: MeetingSofa,
        facing: North,
        room_id: Some(
            0,
        ),
    },
    Waypoint {
        pos: Point {
            x: 24,
            y: 76,
        },
        kind: MeetingStand,
        facing: East,
        room_id: Some(
            0,
        ),
    },
    Waypoint {
        pos: Point {
            x: 41,
            y: 76,
        },
        kind: MeetingStand,
        facing: West,
        room_id: Some(
            0,
        ),
    },
]
