---
source: crates/pixtuoid/tests/walkable_golden.rs
expression: mask_to_ascii(&l)
---
############################################################################........############
############################################################################........############
############################################################################........############
############################################################################........############
############################################################################........############
############################################################################........############
############################################################################........############
############################################################################........############
############################################################################........############
############################################################################........############
############################################################################........############
############################################################################........############
############################################################################........############
############################################################################........############
############################################################################........############
############################################################################........############
############################################################################........############
........................#####...................................................................
........................#####...................................................................
........................#####...................................................................
........................#####...........######################..................................
........................#####...........######################..................................
........................#####...........######################..................................
........................#####........#########################..................................
........................#####........#########################..................................
........................#####........#########################..................................
........................#####........#########################..................................
........................#####........#########################..................................
........................#####........#########################..................................
..........................................................####..................................
..........................................................####..................................
................................................................................................
................................................................................................
.......................................####################....####################.............
.......................................####################....####################.............
.......................................####################....####################.............
.......................................####################....####################.............
.......................................####################....####################.............
........................#####..........####################....####################.............
........................#####..........####################....####################.............
........................#####..........####################....####################.............
........................#####..........####################....####################.............
........................#####..........####################....####################.............
........................#####...................................................................
........................################........................................................
#########.............##################........................................................
#########.............##################........................................................
#########.............##################........................................................
#########.............#####.############........................................................
#########.............#####.....................................................................
#########.............#####.....................................................................
................................................................................................
...........####.................................................................................
........###########.............................................................................
........###########..........####...............................................................
.......############..........####.........................................................#####.
.......############..........####.........................................................#####.
.......############..........####.........................................................#####.
.......############..........####.........................................................#####.
........###########..........####.........................................................#####.
....######################...####.........................................................#####.
....######################...####...............................................................
....######################......................................................................
....######################......................................................................
....######################......................................................................
................................................................................................
................................................................................................
################################################################################################
################################################################################################
################################################################################################
